---

---
/com
---
/com/example
---
/com/example/controller
---
/com/example/controller/Controller.java
package com.example.controller;

import com.example.dto.RunWorkflowRequest;
import java.lang.String;
import javax.servlet.http.HttpServletResponse;
import org.springframework.web.bind.annotation.PostMapping;
import org.springframework.web.bind.annotation.RequestPart;

interface Controller {
  @PostMapping(
      value = "/api/v1/workflow-run",
      produces = "application/json"
  )
  RunWorkflowRequest runWorkflow(
      @RequestPart(name = "runWorkflowRequest") RunWorkflowRequest runWorkflowRequest,
      @RequestPart(name = "config") String config, HttpServletResponse response);
}
---
/com/example/dto
---
/com/example/dto/RunWorkflowRequest.java
package com.example.dto;

import com.fasterxml.jackson.databind.PropertyNamingStrategies;
import com.fasterxml.jackson.databind.annotation.JsonNaming;
import java.lang.String;
import lombok.Data;

@Data
@JsonNaming(PropertyNamingStrategies.SnakeCaseStrategy.class)
public class RunWorkflowRequest {
  private String inputConnection;

  private String outputConnection;
}
