---

---
/com
---
/com/example
---
/com/example/controller
---
/com/example/controller/Controller.java
package com.example.controller;

import jakarta.servlet.http.HttpServletResponse;
import java.lang.String;
import org.springframework.web.bind.annotation.GetMapping;

public interface Controller {
  @GetMapping(
      value = "/api/v1/hello",
      produces = "*/*"
  )
  String hello(HttpServletResponse response);
}
---
/com/example/dto
---
/com/example/dto/OneOf.java
package com.example.dto;

import com.fasterxml.jackson.annotation.JsonSubTypes;
import com.fasterxml.jackson.annotation.JsonTypeInfo;
import com.fasterxml.jackson.databind.PropertyNamingStrategies;
import com.fasterxml.jackson.databind.annotation.JsonNaming;

@JsonNaming(PropertyNamingStrategies.SnakeCaseStrategy.class)
@JsonSubTypes({
    @JsonSubTypes.Type(Variant1.class),
    @JsonSubTypes.Type(Variant2.class)})
@JsonTypeInfo(
    use = JsonTypeInfo.Id.DEDUCTION
)
public interface OneOf {
}
---
/com/example/dto/Variant1.java
package com.example.dto;

import com.fasterxml.jackson.databind.PropertyNamingStrategies;
import com.fasterxml.jackson.databind.annotation.JsonNaming;
import java.lang.Long;
import lombok.Data;

@Data
@JsonNaming(PropertyNamingStrategies.SnakeCaseStrategy.class)
public class Variant1 {
  private Long id1;
}
---
/com/example/dto/Variant2.java
package com.example.dto;

import com.fasterxml.jackson.databind.PropertyNamingStrategies;
import com.fasterxml.jackson.databind.annotation.JsonNaming;
import java.lang.Long;
import lombok.Data;

@Data
@JsonNaming(PropertyNamingStrategies.SnakeCaseStrategy.class)
public class Variant2 {
  private Long id2;
}
