---

---
/com
---
/com/example
---
/com/example/controller
---
/com/example/controller/Controller.kt
package com.example.controller

import com.example.dto.RunWorkflowRequest
import javax.servlet.http.HttpServletResponse
import org.springframework.web.bind.`annotation`.PostMapping
import org.springframework.web.bind.`annotation`.RequestPart
import org.springframework.web.multipart.MultipartFile

public interface Controller {
  @PostMapping(
    value = ["/api/v1/workflow-run"],
    produces = ["application/json"],
    consumes = ["multipart/form-data"],
  )
  public fun runWorkflow(
    @RequestPart(name = "runWorkflowRequest") runWorkflowRequest: RunWorkflowRequest,
    @RequestPart(name = "config") config: MultipartFile?,
    response: HttpServletResponse,
  ): RunWorkflowRequest
}
---
/com/example/dto
---
/com/example/dto/RunWorkflowRequest.kt
package com.example.dto

import com.fasterxml.jackson.databind.PropertyNamingStrategies
import com.fasterxml.jackson.databind.`annotation`.JsonNaming
import kotlin.String

@JsonNaming(value = PropertyNamingStrategies.SnakeCaseStrategy::class)
public data class RunWorkflowRequest(
  public val inputConnection: String? = null,
  public val outputConnection: String? = null,
)
