---

---
/com
---
/com/example
---
/com/example/controller
---
/com/example/controller/Controller.kt
package com.example.controller

import jakarta.servlet.http.HttpServletResponse
import kotlin.Double
import org.springframework.web.bind.`annotation`.GetMapping

public interface Controller {
  @GetMapping(
    value = ["/api/v1/hello"],
    produces = ["*/*"],
  )
  public fun hello(response: HttpServletResponse): Double?
}
---
/com/example/dto
---
/com/example/dto/BarDefault.kt
package com.example.dto

import com.fasterxml.jackson.databind.PropertyNamingStrategies
import com.fasterxml.jackson.databind.`annotation`.JsonNaming
import kotlin.String

@JsonNaming(value = PropertyNamingStrategies.SnakeCaseStrategy::class)
public data class BarDefault(
  public val prop: String? = null,
)
---
/com/example/dto/BarNotNullable.kt
package com.example.dto

import com.fasterxml.jackson.databind.PropertyNamingStrategies
import com.fasterxml.jackson.databind.`annotation`.JsonNaming
import kotlin.String

@JsonNaming(value = PropertyNamingStrategies.SnakeCaseStrategy::class)
public data class BarNotNullable(
  public val prop: String? = null,
)
---
/com/example/dto/BarNullable.kt
package com.example.dto

import com.fasterxml.jackson.databind.PropertyNamingStrategies
import com.fasterxml.jackson.databind.`annotation`.JsonNaming
import kotlin.String

@JsonNaming(value = PropertyNamingStrategies.SnakeCaseStrategy::class)
public data class BarNullable(
  public val prop: String? = null,
)
---
/com/example/dto/Foo.kt
package com.example.dto

import com.fasterxml.jackson.databind.PropertyNamingStrategies
import com.fasterxml.jackson.databind.`annotation`.JsonNaming

@JsonNaming(value = PropertyNamingStrategies.SnakeCaseStrategy::class)
public data class Foo(
  public val requiredNullableObject: BarNullable?,
  public val requiredNotNullableObject: BarNotNullable,
  public val requiredNotNullableDefaultObject: BarDefault,
  public val optionalNullableObject: BarNullable? = null,
  public val optionalNotNullableObject: BarNotNullable? = null,
  public val optionalNotNullableDefaultObject: BarDefault? = null,
)
